// Jest Snapshot v1, https://goo.gl/fbAQLP

exports[`HorizontalCard2 should render is-read correctly 1`] = `
<div>
  <article
    class="undefined undefined"
    id="1"
  >
    <a
      aria-label="This is the title"
      class="xs__p+4"
      href="https://example.com/1/This is the title"
    >
      <div
        class="undefined xs__pl+4 s__p+4"
      >
        <div
          class="undefined xs__m-0 xs__mb+2 body-text sans xs"
        >
          <time>
            11:50
          </time>
          <span>
            •
          </span>
          <span>
            Ondernemen
          </span>
        </div>
        <div>
          <h1
            class="heading serif s xs__m-0"
          >
            This is the title
          </h1>
          <p
            class="undefined body-text sans s xs__m-0 xs__mt+1"
          >
            This is the intro of the card
          </p>
        </div>
      </div>
    </a>
  </article>
</div>
`;
